// Jest Snapshot v1, https://goo.gl/fbAQLP

exports[`Chart renders with snapshot 1`] = `
<div
  className="row"
/>
`;
